FAILED tests/io/parsing/test_dispatch.py::test_parse_input_mdcath_auto_detect
FAILED tests/run/test_jacobian.py::test_jacobian_run
FAILED tests/run/test_jacobian.py::test_jacobian_run_with_bias
FAILED tests/run/test_jacobian_multistate.py::test_jacobian_multistate_run
FAILED tests/run/test_jacobian_multistate.py::test_jacobian_multistate_run_with_bias
FAILED tests/run/test_jacobian_multistate.py::test_jacobian_multistate_run_batched
FAILED tests/run/test_jacobian_multistate.py::test_jacobian_multistate_run_parallel
FAILED tests/run/test_jacobian_multistate.py::test_jacobian_multistate_run_consistency
FAILED tests/run/test_jacobian_multistate.py::test_jacobian_multistate_run_shapes
FAILED tests/run/test_sampling_averaged.py::test_sampling_averaged_run
FAILED tests/run/test_sampling_averaged.py::test_sampling_averaged_run_with_bias
FAILED tests/run/test_sampling_averaged.py::test_sampling_averaged_run_batched
FAILED tests/run/test_sampling_averaged.py::test_sampling_averaged_run_parallel
FAILED tests/run/test_scoring_averaged.py::test_scoring_averaged_run
FAILED tests/run/test_scoring_averaged.py::test_scoring_averaged_run_batched
FAILED tests/sampling/test_sample.py::test_sample_autoregressive_with_bias
FAILED tests/sampling/test_sample.py::test_sample_autoregressive_batched
FAILED tests/sampling/test_split_tied.py::test_split_tied_positions_basic
FAILED tests/sampling/test_split_tied.py::test_split_tied_positions_no_tied
FAILED tests/sampling/test_split_tied.py::test_split_tied_positions_all_tied
FAILED tests/sampling/test_split_tied.py::test_split_tied_positions_mixed
FAILED tests/sampling/test_split_tied.py::test_split_tied_positions_empty
FAILED tests/sampling/test_split_tied.py::test_split_tied_positions_single
FAILED tests/sampling/test_split_tied.py::test_split_tied_positions_disjoint
FAILED tests/sampling/test_split_tied.py::test_split_tied_positions_overlapping
FAILED tests/sampling/test_tied_autoregressive_sampling.py::TestTiedAutoregressiveSampling::test_basic_tied_sampling
FAILED tests/sampling/test_tied_autoregressive_sampling.py::TestTiedAutoregressiveSampling::test_tied_sampling_consistency
FAILED tests/sampling/test_tied_autoregressive_sampling.py::TestTiedAutoregressiveSampling::test_tied_sampling_with_bias
FAILED tests/sampling/test_tied_autoregressive_sampling.py::TestTiedAutoregressiveSampling::test_tied_sampling_with_temperature
FAILED tests/sampling/test_tied_autoregressive_sampling.py::TestTiedAutoregressiveSampling::test_tied_sampling_with_decoding_order
FAILED tests/sampling/test_tied_autoregressive_sampling.py::TestTiedAutoregressiveSampling::test_tied_positions_with_bias
FAILED tests/sampling/test_tied_autoregressive_sampling.py::TestEdgeCases::test_all_positions_tied
FAILED tests/sampling/test_tied_autoregressive_sampling.py::TestEdgeCases::test_no_tied_positions
FAILED tests/sampling/test_tied_autoregressive_sampling.py::TestEdgeCases::test_single_residue_structure
FAILED tests/sampling/test_tied_autoregressive_sampling.py::TestIntegrationWithRealModel::test_full_size_model_with_tied_positions
FAILED tests/utils/test_foldcomp_utils.py::test_setup_foldcomp_database_calls_setup
FAILED tests/utils/test_foldcomp_utils.py::test_setup_foldcomp_database_cache
FAILED tests/utils/test_foldcomp_utils.py::test_setup_foldcomp_database_calls_setup
FAILED tests/utils/test_foldcomp_utils.py::test_setup_foldcomp_database_cache
FAILED tests/utils/test_foldcomp_utils.py::test_get_protein_structures_yields_structures
